
> agency-manager@0.1.0 build
> next build

Ôû▓ Next.js 16.1.1 (Turbopack)
- Environments: .env.local

node.exe : ÔÜá The "middleware" file convention 
is deprecated. Please use "proxy" instead. Learn 
more: https://nextjs.org/docs/messages/middleware-
to-proxy
En línea: 1 Carácter: 1
+ & "C:\Program Files\nodejs/node.exe" 
"C:\Program Files\nodejs/node_mo ...
+ ~~~~~~~~~~~~~~~~~~~~~~~~~~~~~~~~~~~~~~~~~~~~~~~~
~~~~~~~~~~~~~~~~~~~~~
    + CategoryInfo          : NotSpecified: (ÔÜá  
   The "middle...leware-to-proxy:String) [], Rem  
  oteException
    + FullyQualifiedErrorId : NativeCommandError
 
  Creating an optimized production build ...

> Build error occurred
Error: Turbopack build failed with 3 errors:
./src/modules/core/messaging/actions.ts:44:1
Parsing ecmascript source code failed
[0m [90m 42 |[39m })
 [90m 43 |[39m
[31m[1m>[22m[39m[90m 44 |[39m 
[36mreturn[39m { success[33m:[39m 
[36mtrue[39m[33m,[39m externalId[33m:[39m 
messageId }
 [90m    |[39m [31m[1m^[22m[39m[31m[1m^[2
2m[39m[31m[1m^[22m[39m[31m[1m^[22m[39m[3
1m[1m^[22m[39m[31m[1m^[22m[39m[31m[1m^[2
2m[39m[31m[1m^[22m[39m[31m[1m^[22m[39m[3
1m[1m^[22m[39m[31m[1m^[22m[39m[31m[1m^[2
2m[39m[31m[1m^[22m[39m[31m[1m^[22m[39m[3
1m[1m^[22m[39m[31m[1m^[22m[39m[31m[1m^[2
2m[39m[31m[1m^[22m[39m[31m[1m^[22m[39m[3
1m[1m^[22m[39m[31m[1m^[22m[39m[31m[1m^[2
2m[39m[31m[1m^[22m[39m[31m[1m^[22m[39m[3
1m[1m^[22m[39m[31m[1m^[22m[39m[31m[1m^[2
2m[39m[31m[1m^[22m[39m[31m[1m^[22m[39m[3
1m[1m^[22m[39m[31m[1m^[22m[39m[31m[1m^[2
2m[39m[31m[1m^[22m[39m[31m[1m^[22m[39m[3
1m[1m^[22m[39m[31m[1m^[22m[39m[31m[1m^[2
2m[39m[31m[1m^[22m[39m[31m[1m^[22m[39m[3
1m[1m^[22m[39m[31m[1m^[22m[39m[31m[1m^[2
2m[39m[31m[1m^[22m[39m[31m[1m^[22m[39m[3
1m[1m^[22m[39m[31m[1m^[22m[39m[31m[1m^[2
2m[39m
 [90m 45 |[39m [36mimport[39m { 
revalidatePath } [36mfrom[39m 
[32m"next/cache"[39m
 [90m 46 |[39m [36mimport[39m { 
[33mMetaProvider[39m } [36mfrom[39m 
[32m"./providers/meta-provider"[39m
 [90m 47 |[39m [36mimport[39m { inboxService 
} [36mfrom[39m [32m"./inbox-service"[39m[0m

Return statement is not allowed here

Import traces:
  App Route:
    ./src/modules/core/messaging/actions.ts
    ./src/modules/core/automation/nodes/buttons-no
de.ts
    ./src/modules/core/automation/engine.ts
    ./src/app/api/webhooks/automation/process-queu
e/route.ts

  Client Component Browser:
    ./src/modules/core/messaging/actions.ts 
[Client Component Browser]
    ./src/modules/core/messaging/components/chat-a
rea.tsx [Client Component Browser]
    ./src/modules/core/messaging/components/inbox-
layout.tsx [Client Component Browser]
    ./src/modules/core/messaging/components/inbox-
layout.tsx [Server Component]
    ./src/app/(dashboard)/crm/inbox/page.tsx 
[Server Component]

  Client Component SSR:
    ./src/modules/core/messaging/actions.ts 
[Client Component SSR]
    ./src/modules/core/messaging/components/chat-a
rea.tsx [Client Component SSR]
    ./src/modules/core/messaging/components/inbox-
layout.tsx [Client Component SSR]
    ./src/modules/core/messaging/components/inbox-
layout.tsx [Server Component]
    ./src/app/(dashboard)/crm/inbox/page.tsx 
[Server Component]


./src/components/organizations/organization-switch
er.tsx:16:1
Export getUserOrganizations doesn't exist in 
target module
[0m [90m 14 |[39m [36mimport[39m { 
[33mCreateOrganizationSheet[39m } 
[36mfrom[39m 
[32m"./create-organization-sheet"[39m
 [90m 15 |[39m [36mimport[39m { 
[33mOrganizationMember[39m } [36mfrom[39m 
[32m"@/types/organization"[39m
[31m[1m>[22m[39m[90m 16 |[39m 
[36mimport[39m { 
getUserOrganizations[33m,[39m 
switchOrganization[33m,[39m 
getCurrentOrgName[33m,[39m 
getCurrentOrganizationId } [36mfrom[39m 
[32m"@/modules/core/organizations/actions"[39m
 [90m    |[39m [31m[1m^[22m[39m[31m[1m^[2
2m[39m[31m[1m^[22m[39m[31m[1m^[22m[39m[3
1m[1m^[22m[39m[31m[1m^[22m[39m[31m[1m^[2
2m[39m[31m[1m^[22m[39m[31m[1m^[22m[39m[3
1m[1m^[22m[39m[31m[1m^[22m[39m[31m[1m^[2
2m[39m[31m[1m^[22m[39m[31m[1m^[22m[39m[3
1m[1m^[22m[39m[31m[1m^[22m[39m[31m[1m^[2
2m[39m[31m[1m^[22m[39m[31m[1m^[22m[39m[3
1m[1m^[22m[39m[31m[1m^[22m[39m[31m[1m^[2
2m[39m[31m[1m^[22m[39m[31m[1m^[22m[39m[3
1m[1m^[22m[39m[31m[1m^[22m[39m[31m[1m^[2
2m[39m[31m[1m^[22m[39m[31m[1m^[22m[39m[3
1m[1m^[22m[39m[31m[1m^[22m[39m[31m[1m^[2
2m[39m[31m[1m^[22m[39m[31m[1m^[22m[39m[3
1m[1m^[22m[39m[31m[1m^[22m[39m[31m[1m^[2
2m[39m[31m[1m^[22m[39m[31m[1m^[22m[39m[3
1m[1m^[22m[39m[31m[1m^[22m[39m[31m[1m^[2
2m[39m[31m[1m^[22m[39m[31m[1m^[22m[39m[3
1m[1m^[22m[39m[31m[1m^[22m[39m[31m[1m^[2
2m[39m[31m[1m^[22m[39m[31m[1m^[22m[39m[3
1m[1m^[22m[39m[31m[1m^[22m[39m[31m[1m^[2
2m[39m[31m[1m^[22m[39m[31m[1m^[22m[39m[3
1m[1m^[22m[39m[31m[1m^[22m[39m[31m[1m^[2
2m[39m[31m[1m^[22m[39m[31m[1m^[22m[39m[3
1m[1m^[22m[39m[31m[1m^[22m[39m[31m[1m^[2
2m[39m[31m[1m^[22m[39m[31m[1m^[22m[39m[3
1m[1m^[22m[39m[31m[1m^[22m[39m[31m[1m^[2
2m[39m[31m[1m^[22m[39m[31m[1m^[22m[39m[3
1m[1m^[22m[39m[31m[1m^[22m[39m[31m[1m^[2
2m[39m[31m[1m^[22m[39m[31m[1m^[22m[39m[3
1m[1m^[22m[39m[31m[1m^[22m[39m[31m[1m^[2
2m[39m[31m[1m^[22m[39m[31m[1m^[22m[39m[3
1m[1m^[22m[39m[31m[1m^[22m[39m[31m[1m^[2
2m[39m[31m[1m^[22m[39m[31m[1m^[22m[39m[3
1m[1m^[22m[39m[31m[1m^[22m[39m[31m[1m^[2
2m[39m[31m[1m^[22m[39m[31m[1m^[22m[39m[3
1m[1m^[22m[39m[31m[1m^[22m[39m[31m[1m^[2
2m[39m[31m[1m^[22m[39m[31m[1m^[22m[39m[3
1m[1m^[22m[39m[31m[1m^[22m[39m[31m[1m^[2
2m[39m[31m[1m^[22m[39m[31m[1m^[22m[39m[3
1m[1m^[22m[39m[31m[1m^[22m[39m[31m[1m^[2
2m[39m[31m[1m^[22m[39m[31m[1m^[22m[39m[3
1m[1m^[22m[39m[31m[1m^[22m[39m[31m[1m^[2
2m[39m[31m[1m^[22m[39m[31m[1m^[22m[39m[3
1m[1m^[22m[39m[31m[1m^[22m[39m[31m[1m^[2
2m[39m[31m[1m^[22m[39m[31m[1m^[22m[39m[3
1m[1m^[22m[39m[31m[1m^[22m[39m[31m[1m^[2
2m[39m[31m[1m^[22m[39m[31m[1m^[22m[39m[3
1m[1m^[22m[39m[31m[1m^[22m[39m[31m[1m^[2
2m[39m[31m[1m^[22m[39m[31m[1m^[22m[39m[3
1m[1m^[22m[39m[31m[1m^[22m[39m[31m[1m^[2
2m[39m[31m[1m^[22m[39m[31m[1m^[22m[39m[3
1m[1m^[22m[39m[31m[1m^[22m[39m[31m[1m^[2
2m[39m[31m[1m^[22m[39m[31m[1m^[22m[39m[3
1m[1m^[22m[39m[31m[1m^[22m[39m[31m[1m^[2
2m[39m[31m[1m^[22m[39m[31m[1m^[22m[39m[3
1m[1m^[22m[39m
 [90m 17 |[39m [36mimport[39m { toast } 
[36mfrom[39m [32m"sonner"[39m
 [90m 18 |[39m [36mimport[39m { useRouter } 
[36mfrom[39m [32m"next/navigation"[39m
 [90m 19 |[39m[0m

The export getUserOrganizations was not found in 
module [project]/src/modules/core/organizations/ac
tions.ts [app-client] (ecmascript).
Did you mean to import getOrganizationLimits?
All exports of the module are statically known 
(It doesn't have dynamic exports). So it's known 
statically that the requested export doesn't 
exist.

Import traces:
  Client Component Browser:
    ./src/components/organizations/organization-sw
itcher.tsx [Client Component Browser]
    ./src/components/layout/sidebar-floating-actio
ns.tsx [Client Component Browser]
    ./src/components/layout/sidebar.tsx [Client 
Component Browser]
    ./src/components/layout/dashboard-shell.tsx 
[Client Component Browser]
    ./src/components/layout/dashboard-shell.tsx 
[Server Component]
    ./src/app/(dashboard)/layout.tsx [Server 
Component]

  Client Component SSR:
    ./src/components/organizations/organization-sw
itcher.tsx [Client Component SSR]
    ./src/components/layout/sidebar-floating-actio
ns.tsx [Client Component SSR]
    ./src/components/layout/sidebar.tsx [Client 
Component SSR]
    ./src/components/layout/dashboard-shell.tsx 
[Client Component SSR]
    ./src/components/layout/dashboard-shell.tsx 
[Server Component]
    ./src/app/(dashboard)/layout.tsx [Server 
Component]


./src/components/organizations/organization-switch
er.tsx:16:1
Export getUserOrganizations doesn't exist in 
target module
[0m [90m 14 |[39m [36mimport[39m { 
[33mCreateOrganizationSheet[39m } 
[36mfrom[39m 
[32m"./create-organization-sheet"[39m
 [90m 15 |[39m [36mimport[39m { 
[33mOrganizationMember[39m } [36mfrom[39m 
[32m"@/types/organization"[39m
[31m[1m>[22m[39m[90m 16 |[39m 
[36mimport[39m { 
getUserOrganizations[33m,[39m 
switchOrganization[33m,[39m 
getCurrentOrgName[33m,[39m 
getCurrentOrganizationId } [36mfrom[39m 
[32m"@/modules/core/organizations/actions"[39m
 [90m    |[39m [31m[1m^[22m[39m[31m[1m^[2
2m[39m[31m[1m^[22m[39m[31m[1m^[22m[39m[3
1m[1m^[22m[39m[31m[1m^[22m[39m[31m[1m^[2
2m[39m[31m[1m^[22m[39m[31m[1m^[22m[39m[3
1m[1m^[22m[39m[31m[1m^[22m[39m[31m[1m^[2
2m[39m[31m[1m^[22m[39m[31m[1m^[22m[39m[3
1m[1m^[22m[39m[31m[1m^[22m[39m[31m[1m^[2
2m[39m[31m[1m^[22m[39m[31m[1m^[22m[39m[3
1m[1m^[22m[39m[31m[1m^[22m[39m[31m[1m^[2
2m[39m[31m[1m^[22m[39m[31m[1m^[22m[39m[3
1m[1m^[22m[39m[31m[1m^[22m[39m[31m[1m^[2
2m[39m[31m[1m^[22m[39m[31m[1m^[22m[39m[3
1m[1m^[22m[39m[31m[1m^[22m[39m[31m[1m^[2
2m[39m[31m[1m^[22m[39m[31m[1m^[22m[39m[3
1m[1m^[22m[39m[31m[1m^[22m[39m[31m[1m^[2
2m[39m[31m[1m^[22m[39m[31m[1m^[22m[39m[3
1m[1m^[22m[39m[31m[1m^[22m[39m[31m[1m^[2
2m[39m[31m[1m^[22m[39m[31m[1m^[22m[39m[3
1m[1m^[22m[39m[31m[1m^[22m[39m[31m[1m^[2
2m[39m[31m[1m^[22m[39m[31m[1m^[22m[39m[3
1m[1m^[22m[39m[31m[1m^[22m[39m[31m[1m^[2
2m[39m[31m[1m^[22m[39m[31m[1m^[22m[39m[3
1m[1m^[22m[39m[31m[1m^[22m[39m[31m[1m^[2
2m[39m[31m[1m^[22m[39m[31m[1m^[22m[39m[3
1m[1m^[22m[39m[31m[1m^[22m[39m[31m[1m^[2
2m[39m[31m[1m^[22m[39m[31m[1m^[22m[39m[3
1m[1m^[22m[39m[31m[1m^[22m[39m[31m[1m^[2
2m[39m[31m[1m^[22m[39m[31m[1m^[22m[39m[3
1m[1m^[22m[39m[31m[1m^[22m[39m[31m[1m^[2
2m[39m[31m[1m^[22m[39m[31m[1m^[22m[39m[3
1m[1m^[22m[39m[31m[1m^[22m[39m[31m[1m^[2
2m[39m[31m[1m^[22m[39m[31m[1m^[22m[39m[3
1m[1m^[22m[39m[31m[1m^[22m[39m[31m[1m^[2
2m[39m[31m[1m^[22m[39m[31m[1m^[22m[39m[3
1m[1m^[22m[39m[31m[1m^[22m[39m[31m[1m^[2
2m[39m[31m[1m^[22m[39m[31m[1m^[22m[39m[3
1m[1m^[22m[39m[31m[1m^[22m[39m[31m[1m^[2
2m[39m[31m[1m^[22m[39m[31m[1m^[22m[39m[3
1m[1m^[22m[39m[31m[1m^[22m[39m[31m[1m^[2
2m[39m[31m[1m^[22m[39m[31m[1m^[22m[39m[3
1m[1m^[22m[39m[31m[1m^[22m[39m[31m[1m^[2
2m[39m[31m[1m^[22m[39m[31m[1m^[22m[39m[3
1m[1m^[22m[39m[31m[1m^[22m[39m[31m[1m^[2
2m[39m[31m[1m^[22m[39m[31m[1m^[22m[39m[3
1m[1m^[22m[39m[31m[1m^[22m[39m[31m[1m^[2
2m[39m[31m[1m^[22m[39m[31m[1m^[22m[39m[3
1m[1m^[22m[39m[31m[1m^[22m[39m[31m[1m^[2
2m[39m[31m[1m^[22m[39m[31m[1m^[22m[39m[3
1m[1m^[22m[39m[31m[1m^[22m[39m[31m[1m^[2
2m[39m[31m[1m^[22m[39m[31m[1m^[22m[39m[3
1m[1m^[22m[39m[31m[1m^[22m[39m[31m[1m^[2
2m[39m[31m[1m^[22m[39m[31m[1m^[22m[39m[3
1m[1m^[22m[39m[31m[1m^[22m[39m[31m[1m^[2
2m[39m[31m[1m^[22m[39m[31m[1m^[22m[39m[3
1m[1m^[22m[39m[31m[1m^[22m[39m[31m[1m^[2
2m[39m[31m[1m^[22m[39m[31m[1m^[22m[39m[3
1m[1m^[22m[39m
 [90m 17 |[39m [36mimport[39m { toast } 
[36mfrom[39m [32m"sonner"[39m
 [90m 18 |[39m [36mimport[39m { useRouter } 
[36mfrom[39m [32m"next/navigation"[39m
 [90m 19 |[39m[0m

The export getUserOrganizations was not found in 
module [project]/src/modules/core/organizations/ac
tions.ts [app-ssr] (ecmascript).
Did you mean to import getOrganizationLimits?
All exports of the module are statically known 
(It doesn't have dynamic exports). So it's known 
statically that the requested export doesn't 
exist.

Import traces:
  Client Component Browser:
    ./src/components/organizations/organization-sw
itcher.tsx [Client Component Browser]
    ./src/components/layout/sidebar-floating-actio
ns.tsx [Client Component Browser]
    ./src/components/layout/sidebar.tsx [Client 
Component Browser]
    ./src/components/layout/dashboard-shell.tsx 
[Client Component Browser]
    ./src/components/layout/dashboard-shell.tsx 
[Server Component]
    ./src/app/(dashboard)/layout.tsx [Server 
Component]

  Client Component SSR:
    ./src/components/organizations/organization-sw
itcher.tsx [Client Component SSR]
    ./src/components/layout/sidebar-floating-actio
ns.tsx [Client Component SSR]
    ./src/components/layout/sidebar.tsx [Client 
Component SSR]
    ./src/components/layout/dashboard-shell.tsx 
[Client Component SSR]
    ./src/components/layout/dashboard-shell.tsx 
[Server Component]
    ./src/app/(dashboard)/layout.tsx [Server 
Component]


    at <unknown> 
(./src/modules/core/messaging/actions.ts:44:1)
    at <unknown> (./src/components/organizations/o
rganization-switcher.tsx:16:1)
    at <unknown> (./src/components/organizations/o
rganization-switcher.tsx:16:1)
