src/app/(dashboard)/clients/[id]/page.tsx(803,29): error TS2739: Type 'Client' is missing the following properties from type 'Client': created_at, user_id
src/modules/core/messaging/components/conversation-list.tsx(366,85): error TS7006: Parameter 'tag' implicitly has an 'any' type.
src/modules/core/messaging/components/conversation-list.tsx(366,90): error TS7006: Parameter 'idx' implicitly has an 'any' type.
src/test/integration/module-scenarios.test.ts(76,65): error TS7053: Element implicitly has an 'any' type because expression of type 'string' can't be used to index type '{ key: string; name: string; dependencies: never[]; conflicts_with: never[]; price_monthly: number; is_core: boolean; } | { key: string; name: string; dependencies: { module_key: string; type: string; }[]; conflicts_with: string[]; price_monthly: number; is_core?: undefined; }'.
  No index signature with a parameter of type 'string' was found on type '{ key: string; name: string; dependencies: never[]; conflicts_with: never[]; price_monthly: number; is_core: boolean; } | { key: string; name: string; dependencies: { module_key: string; type: string; }[]; conflicts_with: string[]; price_monthly: number; is_core?: undefined; }'.
src/test/integration/module-scenarios.test.ts(82,83): error TS7053: Element implicitly has an 'any' type because expression of type 'string' can't be used to index type '{ key: string; name: string; dependencies: never[]; conflicts_with: never[]; price_monthly: number; is_core: boolean; } | { key: string; name: string; dependencies: { module_key: string; type: string; }[]; conflicts_with: string[]; price_monthly: number; is_core?: undefined; }'.
  No index signature with a parameter of type 'string' was found on type '{ key: string; name: string; dependencies: never[]; conflicts_with: never[]; price_monthly: number; is_core: boolean; } | { key: string; name: string; dependencies: { module_key: string; type: string; }[]; conflicts_with: string[]; price_monthly: number; is_core?: undefined; }'.
src/test/integration/module-scenarios.test.ts(86,79): error TS7053: Element implicitly has an 'any' type because expression of type 'string' can't be used to index type '{ key: string; name: string; dependencies: never[]; conflicts_with: never[]; price_monthly: number; is_core: boolean; } | { key: string; name: string; dependencies: { module_key: string; type: string; }[]; conflicts_with: string[]; price_monthly: number; is_core?: undefined; }'.
  No index signature with a parameter of type 'string' was found on type '{ key: string; name: string; dependencies: never[]; conflicts_with: never[]; price_monthly: number; is_core: boolean; } | { key: string; name: string; dependencies: { module_key: string; type: string; }[]; conflicts_with: string[]; price_monthly: number; is_core?: undefined; }'.
