src/modules/core/integrations/marketplace/components/marketplace-page.tsx(57,13): error TS2739: Type '{}' is missing the following properties from type 'ConfigSchema': required, properties
src/modules/core/organizations/actions.ts(147,49): error TS2339: Property 'name' does not exist on type '{ name: any; }[]'.
src/modules/core/organizations/actions.ts(147,74): error TS2339: Property 'name' does not exist on type '{ name: any; }[]'.
