src/modules/core/clients/components/detail/client-detail-view.tsx(346,38): error TS2339: Property 'notes' does not exist on type 'Client'.
src/modules/core/clients/components/detail/client-detail-view.tsx(350,44): error TS2353: Object literal may only specify known properties, and 'notes' does not exist in type 'Client | ((prevState: Client | null) => Client | null)'.
src/modules/core/clients/components/detail/client-header.tsx(68,37): error TS2339: Property 'status' does not exist on type 'Client'.
src/modules/core/clients/components/detail/client-sidebar.tsx(109,37): error TS2339: Property 'website' does not exist on type 'Client'.
src/modules/core/clients/components/detail/client-sidebar.tsx(112,53): error TS2339: Property 'website' does not exist on type 'Client'.
src/modules/core/clients/components/detail/client-sidebar.tsx(112,89): error TS2339: Property 'website' does not exist on type 'Client'.
src/modules/core/clients/components/detail/client-sidebar.tsx(112,117): error TS2339: Property 'website' does not exist on type 'Client'.
src/modules/core/clients/components/detail/client-sidebar.tsx(113,49): error TS2339: Property 'website' does not exist on type 'Client'.
src/modules/core/clients/components/detail/edit-client-sheet.tsx(52,33): error TS2339: Property 'website' does not exist on type 'Client'.
src/modules/core/clients/components/detail/edit-client-sheet.tsx(53,35): error TS2339: Property 'metadata' does not exist on type 'Client'.
src/modules/core/clients/components/detail/edit-client-sheet.tsx(53,65): error TS2339: Property 'instagram' does not exist on type 'Client'.
src/modules/core/clients/components/detail/edit-client-sheet.tsx(54,34): error TS2339: Property 'metadata' does not exist on type 'Client'.
src/modules/core/clients/components/detail/edit-client-sheet.tsx(54,63): error TS2339: Property 'facebook' does not exist on type 'Client'.
src/modules/core/clients/components/detail/edit-client-sheet.tsx(55,32): error TS2339: Property 'metadata' does not exist on type 'Client'.
src/modules/core/clients/components/detail/edit-client-sheet.tsx(55,59): error TS2339: Property 'tiktok' does not exist on type 'Client'.
